[    0.000000] Linux version 4.15.0-189-generic (buildd@lcy02-amd64-039) (gcc version 7.5.0 (Ubuntu 7.5.0-3ubuntu1~18.04)) #200-Ubuntu SMP Wed Jun 22 19:53:37 UTC 2022 (Ubuntu 4.15.0-189.200-generic 4.15.18)
[    0.000000] Command line: BOOT_IMAGE=/boot/vmlinuz-4.15.0-189-generic root=LABEL=cloudimg-rootfs ro console=tty1 console=ttyS0
[    0.000000] KERNEL supported cpus:
[    0.000000]   Intel GenuineIntel
[    0.000000]   AMD AuthenticAMD
[    0.000000]   Centaur CentaurHauls
[    0.000000] [Firmware Bug]: TSC doesn't count with P0 frequency!
[    0.000000] x86/fpu: x87 FPU will use FXSAVE
[    0.000000] e820: BIOS-provided physical RAM map:
[    0.000000] BIOS-e820: [mem 0x0000000000000000-0x000000000009fbff] usable
[    0.000000] BIOS-e820: [mem 0x000000000009fc00-0x000000000009ffff] reserved
[    0.000000] BIOS-e820: [mem 0x00000000000f0000-0x00000000000fffff] reserved
[    0.000000] BIOS-e820: [mem 0x0000000000100000-0x000000003ffeffff] usable
[    0.000000] BIOS-e820: [mem 0x000000003fff0000-0x000000003fffffff] ACPI data
[    0.000000] BIOS-e820: [mem 0x00000000fec00000-0x00000000fec00fff] reserved
[    0.000000] BIOS-e820: [mem 0x00000000fee00000-0x00000000fee00fff] reserved
[    0.000000] BIOS-e820: [mem 0x00000000fffc0000-0x00000000ffffffff] reserved
[    0.000000] NX (Execute Disable) protection: active
[    0.000000] SMBIOS 2.5 present.
[    0.000000] DMI: innotek GmbH VirtualBox/VirtualBox, BIOS VirtualBox 12/01/2006
[    0.000000] Hypervisor detected: KVM
[    0.000000] e820: last_pfn = 0x3fff0 max_arch_pfn = 0x400000000
[    0.000000] MTRR: Disabled
[    0.000000] x86/PAT: MTRRs disabled, skipping PAT initialization too.
[    0.000000] CPU MTRRs all blank - virtualized system.
[    0.000000] x86/PAT: Configuration [0-7]: WB  WT  UC- UC  WB  WT  UC- UC  
[    0.000000] found SMP MP-table at [mem 0x0009fff0-0x0009ffff]
[    0.000000] Scanning 1 areas for low memory corruption
[    0.000000] RAMDISK: [mem 0x359c9000-0x36cdbfff]
[    0.000000] ACPI: Early table checksum verification disabled
[    0.000000] ACPI: RSDP 0x00000000000E0000 000024 (v02 VBOX  )
[    0.000000] ACPI: XSDT 0x000000003FFF0030 00003C (v01 VBOX   VBOXXSDT 00000001 ASL  00000061)
[    0.000000] ACPI: FACP 0x000000003FFF00F0 0000F4 (v04 VBOX   VBOXFACP 00000001 ASL  00000061)
[    0.000000] ACPI: DSDT 0x000000003FFF0470 002325 (v02 VBOX   VBOXBIOS 00000002 INTL 20100528)
[    0.000000] ACPI: FACS 0x000000003FFF0200 000040
[    0.000000] ACPI: FACS 0x000000003FFF0200 000040
[    0.000000] ACPI: APIC 0x000000003FFF0240 00005C (v02 VBOX   VBOXAPIC 00000001 ASL  00000061)
[    0.000000] ACPI: SSDT 0x000000003FFF02A0 0001CC (v01 VBOX   VBOXCPUT 00000002 INTL 20100528)
[    0.000000] ACPI: Reserving FACP table memory at [mem 0x3fff00f0-0x3fff01e3]
[    0.000000] ACPI: Reserving DSDT table memory at [mem 0x3fff0470-0x3fff2794]
[    0.000000] ACPI: Reserving FACS table memory at [mem 0x3fff0200-0x3fff023f]
[    0.000000] ACPI: Reserving FACS table memory at [mem 0x3fff0200-0x3fff023f]
[    0.000000] ACPI: Reserving APIC table memory at [mem 0x3fff0240-0x3fff029b]
[    0.000000] ACPI: Reserving SSDT table memory at [mem 0x3fff02a0-0x3fff046b]
[    0.000000] No NUMA configuration found
[    0.000000] Faking a node at [mem 0x0000000000000000-0x000000003ffeffff]
[    0.000000] NODE_DATA(0) allocated [mem 0x3ffc5000-0x3ffeffff]
[    0.000000] kvm-clock: cpu 0, msr 0:3ff44001, primary cpu clock
[    0.000000] kvm-clock: Using msrs 4b564d01 and 4b564d00
[    0.000000] kvm-clock: using sched offset of 4632416530 cycles
[    0.000000] clocksource: kvm-clock: mask: 0xffffffffffffffff max_cycles: 0x1cd42e4dffb, max_idle_ns: 881590591483 ns
[    0.000000] Zone ranges:
[    0.000000]   DMA      [mem 0x0000000000001000-0x0000000000ffffff]
[    0.000000]   DMA32    [mem 0x0000000001000000-0x000000003ffeffff]
[    0.000000]   Normal   empty
[    0.000000]   Device   empty
[    0.000000] Movable zone start for each node
[    0.000000] Early memory node ranges
[    0.000000]   node   0: [mem 0x0000000000001000-0x000000000009efff]
[    0.000000]   node   0: [mem 0x0000000000100000-0x000000003ffeffff]
[    0.000000] Reserved but unavailable: 104 pages
[    0.000000] Initmem setup node 0 [mem 0x0000000000001000-0x000000003ffeffff]
[    0.000000] ACPI: PM-Timer IO Port: 0x4008
[    0.000000] IOAPIC[0]: apic_id 2, version 32, address 0xfec00000, GSI 0-23
[    0.000000] ACPI: INT_SRC_OVR (bus 0 bus_irq 0 global_irq 2 dfl dfl)
[    0.000000] ACPI: INT_SRC_OVR (bus 0 bus_irq 9 global_irq 9 low level)
[    0.000000] Using ACPI (MADT) for SMP configuration information
[    0.000000] smpboot: Allowing 2 CPUs, 0 hotplug CPUs
[    0.000000] PM: Registered nosave memory: [mem 0x00000000-0x00000fff]
[    0.000000] PM: Registered nosave memory: [mem 0x0009f000-0x0009ffff]
[    0.000000] PM: Registered nosave memory: [mem 0x000a0000-0x000effff]
[    0.000000] PM: Registered nosave memory: [mem 0x000f0000-0x000fffff]
[    0.000000] e820: [mem 0x40000000-0xfebfffff] available for PCI devices
[    0.000000] Booting paravirtualized kernel on KVM
[    0.000000] clocksource: refined-jiffies: mask: 0xffffffff max_cycles: 0xffffffff, max_idle_ns: 7645519600211568 ns
[    0.000000] random: get_random_bytes called from start_kernel+0x99/0x500 with crng_init=0
[    0.000000] setup_percpu: NR_CPUS:8192 nr_cpumask_bits:2 nr_cpu_ids:2 nr_node_ids:1
[    0.000000] percpu: Embedded 50 pages/cpu s167936 r8192 d28672 u1048576
[    0.000000] PV qspinlock hash table entries: 256 (order: 0, 4096 bytes)
[    0.000000] Built 1 zonelists, mobility grouping on.  Total pages: 257913
[    0.000000] Policy zone: DMA32
[    0.000000] Kernel command line: BOOT_IMAGE=/boot/vmlinuz-4.15.0-189-generic root=LABEL=cloudimg-rootfs ro console=tty1 console=ttyS0
[    0.000000] Memory: 982644K/1048120K available (12300K kernel code, 2484K rwdata, 4324K rodata, 2468K init, 2724K bss, 65476K reserved, 0K cma-reserved)
[    0.000000] SLUB: HWalign=64, Order=0-3, MinObjects=0, CPUs=2, Nodes=1
[    0.000000] ftrace: allocating 39515 entries in 155 pages
[    0.004000] Hierarchical RCU implementation.
[    0.004000] 	RCU restricting CPUs from NR_CPUS=8192 to nr_cpu_ids=2.
[    0.004000] 	Tasks RCU enabled.
[    0.004000] RCU: Adjusting geometry for rcu_fanout_leaf=16, nr_cpu_ids=2
[    0.004000] NR_IRQS: 524544, nr_irqs: 440, preallocated irqs: 16
[    0.004000] Console: colour VGA+ 80x25
[    0.004000] console [tty1] enabled
[    0.004000] console [ttyS0] enabled
[    0.004000] ACPI: Core revision 20170831
[    0.004000] ACPI: 2 ACPI AML tables successfully acquired and loaded
[    0.004000] APIC: Switch to symmetric I/O mode setup
[    0.004000] ..TIMER: vector=0x30 apic1=0 pin1=2 apic2=-1 pin2=-1
[    0.004008] tsc: Detected 3593.100 MHz processor
[    0.008011] Calibrating delay loop (skipped) preset value.. 7186.20 BogoMIPS (lpj=14372400)
[    0.012009] pid_max: default: 32768 minimum: 301
[    0.016089] Security Framework initialized
[    0.020010] Yama: becoming mindful.
[    0.024123] AppArmor: AppArmor initialized
[    0.034624] Dentry cache hash table entries: 131072 (order: 8, 1048576 bytes)
[    0.040724] Inode-cache hash table entries: 65536 (order: 7, 524288 bytes)
[    0.044098] Mount-cache hash table entries: 2048 (order: 2, 16384 bytes)
[    0.048129] Mountpoint-cache hash table entries: 2048 (order: 2, 16384 bytes)
[    0.056083] Last level iTLB entries: 4KB 1024, 2MB 1024, 4MB 512
[    0.060008] Last level dTLB entries: 4KB 1536, 2MB 1536, 4MB 768, 1GB 0
[    0.064009] Spectre V1 : Mitigation: usercopy/swapgs barriers and __user pointer sanitization
[    0.068007] Spectre V2 : Mitigation: Retpolines
[    0.072007] Spectre V2 : Spectre v2 / SpectreRSB mitigation: Filling RSB on context switch
[    0.076179] Freeing SMP alternatives memory: 36K
[    0.195291] smpboot: CPU0: AMD Ryzen 5 2400G with Radeon Vega Graphics (family: 0x17, model: 0x11, stepping: 0x0)
[    0.196787] Performance Events: PMU not available due to virtualization, using software events only.
[    0.200188] Hierarchical SRCU implementation.
[    0.204847] NMI watchdog: Perf event create on CPU 0 failed with -2
[    0.208009] NMI watchdog: Perf NMI watchdog permanently disabled
[    0.212434] smp: Bringing up secondary CPUs ...
[    0.217160] x86: Booting SMP configuration:
[    0.220009] .... node  #0, CPUs:      #1
[    0.004000] kvm-clock: cpu 1, msr 0:3ff44041, secondary cpu clock
[    0.232000] TSC synchronization [CPU#0 -> CPU#1]:
[    0.232000] Measured 105804 cycles TSC warp between CPUs, turning off TSC clock.
[    0.232000] tsc: Marking TSC unstable due to check_tsc_sync_source failed
[    0.236330] smp: Brought up 1 node, 2 CPUs
[    0.240015] smpboot: Max logical packages: 1
[    0.244012] smpboot: Total of 2 processors activated (14372.40 BogoMIPS)
[    0.252214] devtmpfs: initialized
[    0.256627] x86/mm: Memory block size: 128MB
[    0.264724] evm: security.selinux
[    0.272005] evm: security.SMACK64
[    0.276003] evm: security.SMACK64EXEC
[    0.280003] evm: security.SMACK64TRANSMUTE
[    0.288007] evm: security.SMACK64MMAP
[    0.292004] evm: security.apparmor
[    0.296003] evm: security.ima
[    0.300003] evm: security.capability
[    0.308171] clocksource: jiffies: mask: 0xffffffff max_cycles: 0xffffffff, max_idle_ns: 7645041785100000 ns
[    0.324020] futex hash table entries: 512 (order: 3, 32768 bytes)
[    0.336629] pinctrl core: initialized pinctrl subsystem
[    0.344659] RTC time: 19:37:47, date: 08/05/22
[    0.353507] NET: Registered protocol family 16
[    0.360184] audit: initializing netlink subsys (disabled)
[    0.364348] audit: type=2000 audit(1659728272.952:1): state=initialized audit_enabled=0 res=1
[    0.368388] cpuidle: using governor ladder
[    0.376014] cpuidle: using governor menu
[    0.385071] ACPI: bus type PCI registered
[    0.388012] acpiphp: ACPI Hot Plug PCI Controller Driver version: 0.5
[    0.396682] PCI: Using configuration type 1 for base access
[    0.404008] PCI: Using configuration type 1 for extended access
[    0.416536] HugeTLB registered 2.00 MiB page size, pre-allocated 0 pages
[    0.424585] ACPI: Added _OSI(Module Device)
[    0.432139] ACPI: Added _OSI(Processor Device)
[    0.436013] ACPI: Added _OSI(3.0 _SCP Extensions)
[    0.444008] ACPI: Added _OSI(Processor Aggregator Device)
[    0.448010] ACPI: Added _OSI(Linux-Dell-Video)
[    0.456020] ACPI: Added _OSI(Linux-Lenovo-NV-HDMI-Audio)
[    0.460009] ACPI: Added _OSI(Linux-HPI-Hybrid-Graphics)
[    0.464915] ACPI: Executed 1 blocks of module-level executable AML code
[    0.478050] ACPI: Interpreter enabled
[    0.480032] ACPI: (supports S0 S5)
[    0.484005] ACPI: Using IOAPIC for interrupt routing
[    0.492619] PCI: Using host bridge windows from ACPI; if necessary, use "pci=nocrs" and report a bug
[    0.500377] ACPI: Enabled 2 GPEs in block 00 to 07
[    0.521202] ACPI: PCI Root Bridge [PCI0] (domain 0000 [bus 00-ff])
[    0.528023] acpi PNP0A03:00: _OSC: OS supports [ExtendedConfig ASPM ClockPM Segments MSI]
[    0.538344] acpi PNP0A03:00: _OSC: platform does not support [PCIeCapability]
[    0.549088] acpi PNP0A03:00: _OSC: not requesting control; platform does not support [PCIeCapability]
[    0.560011] acpi PNP0A03:00: _OSC: OS requested [PCIeHotplug PME AER PCIeCapability]
[    0.568011] acpi PNP0A03:00: _OSC: platform willing to grant [PCIeHotplug PME AER]
[    0.576011] acpi PNP0A03:00: _OSC failed (AE_SUPPORT); disabling ASPM
[    0.584922] PCI host bridge to bus 0000:00
[    0.588014] pci_bus 0000:00: root bus resource [io  0x0000-0x0cf7 window]
[    0.596009] pci_bus 0000:00: root bus resource [io  0x0d00-0xffff window]
[    0.600012] pci_bus 0000:00: root bus resource [mem 0x000a0000-0x000bffff window]
[    0.608016] pci_bus 0000:00: root bus resource [mem 0x40000000-0xfdffffff window]
[    0.616012] pci_bus 0000:00: root bus resource [bus 00-ff]
[    0.630641] pci 0000:00:01.1: legacy IDE quirk: reg 0x10: [io  0x01f0-0x01f7]
[    0.636012] pci 0000:00:01.1: legacy IDE quirk: reg 0x14: [io  0x03f6]
[    0.644012] pci 0000:00:01.1: legacy IDE quirk: reg 0x18: [io  0x0170-0x0177]
[    0.652011] pci 0000:00:01.1: legacy IDE quirk: reg 0x1c: [io  0x0376]
[    0.688358] pci 0000:00:07.0: quirk: [io  0x4000-0x403f] claimed by PIIX4 ACPI
[    0.696092] pci 0000:00:07.0: quirk: [io  0x4100-0x410f] claimed by PIIX4 SMB
[    0.718091] ACPI: PCI Interrupt Link [LNKA] (IRQs 5 9 10 *11)
[    0.724686] ACPI: PCI Interrupt Link [LNKB] (IRQs 5 9 *10 11)
[    0.732324] ACPI: PCI Interrupt Link [LNKC] (IRQs 5 *9 10 11)
[    0.740519] ACPI: PCI Interrupt Link [LNKD] (IRQs 5 9 10 *11)
[    0.748985] SCSI subsystem initialized
[    0.756064] pci 0000:00:02.0: vgaarb: setting as boot VGA device
[    0.760000] pci 0000:00:02.0: vgaarb: VGA device added: decodes=io+mem,owns=io+mem,locks=none
[    0.772016] pci 0000:00:02.0: vgaarb: bridge control possible
[    0.780007] vgaarb: loaded
[    0.783159] ACPI: bus type USB registered
[    0.788080] usbcore: registered new interface driver usbfs
[    0.792045] usbcore: registered new interface driver hub
[    0.800036] usbcore: registered new device driver usb
[    0.808406] EDAC MC: Ver: 3.0.0
[    0.816304] PCI: Using ACPI for IRQ routing
[    0.821392] NetLabel: Initializing
[    0.824016] NetLabel:  domain hash size = 128
[    0.828009] NetLabel:  protocols = UNLABELED CIPSOv4 CALIPSO
[    0.832030] NetLabel:  unlabeled traffic allowed by default
[    0.840292] clocksource: Switched to clocksource kvm-clock
[    0.869300] VFS: Disk quotas dquot_6.6.0
[    0.869300] VFS: Dquot-cache hash table entries: 512 (order 0, 4096 bytes)
[    0.869300] AppArmor: AppArmor Filesystem Enabled
[    0.869300] pnp: PnP ACPI init
[    0.869300] pnp: PnP ACPI: found 3 devices
[    0.967835] clocksource: acpi_pm: mask: 0xffffff max_cycles: 0xffffff, max_idle_ns: 2085701024 ns
[    0.968664] NET: Registered protocol family 2
[    0.968664] IP idents hash table entries: 16384 (order: 5, 131072 bytes)
[    0.991037] TCP established hash table entries: 8192 (order: 4, 65536 bytes)
[    0.994397] TCP bind hash table entries: 8192 (order: 5, 131072 bytes)
[    0.994397] TCP: Hash tables configured (established 8192 bind 8192)
[    0.994397] UDP hash table entries: 512 (order: 2, 16384 bytes)
[    0.994397] UDP-Lite hash table entries: 512 (order: 2, 16384 bytes)
[    0.994397] NET: Registered protocol family 1
[    0.994397] pci 0000:00:00.0: Limiting direct PCI/PCI transfers
[    0.994397] pci 0000:00:01.0: Activating ISA DMA hang workarounds
[    0.994397] pci 0000:00:02.0: Video device with shadowed ROM at [mem 0x000c0000-0x000dffff]
[    0.994397] Unpacking initramfs...
[    1.696274] Freeing initrd memory: 19532K
[    1.700967] clocksource: tsc: mask: 0xffffffffffffffff max_cycles: 0x33cadd673d5, max_idle_ns: 440795311064 ns
[    1.710549] platform rtc_cmos: registered platform RTC device (no PNP device found)
[    1.717153] Scanning for low memory corruption every 60 seconds
[    1.726265] Initialise system trusted keyrings
[    1.735297] Key type blacklist registered
[    1.742683] workingset: timestamp_bits=36 max_order=18 bucket_order=0
[    1.750245] zbud: loaded
[    1.753836] squashfs: version 4.0 (2009/01/31) Phillip Lougher
[    1.760403] fuse init (API version 7.26)
[    1.796256] Key type asymmetric registered
[    1.801308] Asymmetric key parser 'x509' registered
[    1.807483] Block layer SCSI generic (bsg) driver version 0.4 loaded (major 246)
[    1.822259] io scheduler noop registered
[    1.831355] io scheduler deadline registered
[    1.840756] io scheduler cfq registered (default)
[    1.848919] ACPI: AC Adapter [AC] (on-line)
[    1.853324] input: Power Button as /devices/LNXSYSTM:00/LNXPWRBN:00/input/input0
[    1.864598] ACPI: Power Button [PWRF]
[    1.869785] input: Sleep Button as /devices/LNXSYSTM:00/LNXSLPBN:00/input/input1
[    1.878203] ACPI: Sleep Button [SLPF]
[    1.884508] Serial: 8250/16550 driver, 32 ports, IRQ sharing enabled
[    1.920144] 00:02: ttyS0 at I/O 0x3f8 (irq = 4, base_baud = 115200) is a 16550A
[    1.949528] Linux agpgart interface v0.103
[    1.963048] loop: module loaded
[    1.969038] scsi host0: ata_piix
[    1.973854] scsi host1: ata_piix
[    1.978954] ata1: PATA max UDMA/33 cmd 0x1f0 ctl 0x3f6 bmdma 0xd000 irq 14
[    1.988034] ata2: PATA max UDMA/33 cmd 0x170 ctl 0x376 bmdma 0xd008 irq 15
[    1.997000] tun: Universal TUN/TAP device driver, 1.6
[    2.002799] PPP generic driver version 2.4.2
[    2.008171] ehci_hcd: USB 2.0 'Enhanced' Host Controller (EHCI) Driver
[    2.016380] ehci-pci: EHCI PCI platform driver
[    2.022041] ehci-platform: EHCI generic platform driver
[    2.028620] ohci_hcd: USB 1.1 'Open' Host Controller (OHCI) Driver
[    2.036187] ohci-pci: OHCI PCI platform driver
[    2.041739] ohci-platform: OHCI generic platform driver
[    2.047379] uhci_hcd: USB Universal Host Controller Interface driver
[    2.053555] i8042: PNP: PS/2 Controller [PNP0303:PS2K,PNP0f03:PS2M] at 0x60,0x64 irq 1,12
[    2.066492] serio: i8042 KBD port at 0x60,0x64 irq 1
[    2.068272] serio: i8042 AUX port at 0x60,0x64 irq 12
[    2.077115] mousedev: PS/2 mouse device common for all mice
[    2.088782] input: AT Translated Set 2 keyboard as /devices/platform/i8042/serio0/input/input2
[    2.088829] rtc_cmos rtc_cmos: rtc core: registered rtc_cmos as rtc0
[    2.106580] rtc_cmos rtc_cmos: alarms up to one day, 114 bytes nvram
[    2.114753] i2c /dev entries driver
[    2.119502] device-mapper: uevent: version 1.0.3
[    2.126628] device-mapper: ioctl: 4.37.0-ioctl (2017-09-20) initialised: dm-devel@redhat.com
[    2.136513] ledtrig-cpu: registered to indicate activity on CPUs
[    2.145660] NET: Registered protocol family 10
[    2.190789] Segment Routing with IPv6
[    2.196223] NET: Registered protocol family 17
[    2.201393] Key type dns_resolver registered
[    2.217935] mce: Using 0 MCE banks
[    2.221861] RAS: Correctable Errors collector initialized.
[    2.227824] sched_clock: Marking stable (2227754364, 0)->(3043556418, -815802054)
[    2.241157] registered taskstats version 1
[    2.245400] Loading compiled-in X.509 certificates
[    2.254596] Loaded X.509 cert 'Build time autogenerated kernel key: 9c4811ffd453f4b0c13447eb15d717d926dfaff5'
[    2.264063] Loaded X.509 cert 'Canonical Ltd. Live Patch Signing: 14df34d1a87cf37625abec039ef2bf521249b969'
[    2.273268] Loaded X.509 cert 'Canonical Ltd. Kernel Module Signing: 88f752e560a1e0737e31163a466ad7b70a850c19'
[    2.284608] blacklist: Loading compiled-in revocation X.509 certificates
[    2.292660] Loaded X.509 cert 'Canonical Ltd. Secure Boot Signing: 61482aa2830d0ab2ad5af10b7250da9033ddcef0'
[    2.303059] zswap: loaded using pool lzo/zbud
[    2.317154] Key type big_key registered
[    2.320974] Key type trusted registered
[    2.328868] Key type encrypted registered
[    2.332882] AppArmor: AppArmor sha1 policy hashing enabled
[    2.337830] ima: No TPM chip found, activating TPM-bypass! (rc=-19)
[    2.343720] ima: Allocated hash algorithm: sha1
[    2.348549] evm: HMAC attrs: 0x1
[    2.352659]   Magic number: 2:983:646
[    2.356272] scsi_host host0: hash matches
[    2.361711] scsi host0: hash matches
[    2.369238] rtc_cmos rtc_cmos: setting system clock to 2022-08-05 19:37:49 UTC (1659728269)
[    2.382437] BIOS EDD facility v0.16 2004-Jun-25, 0 devices found
[    2.388757] EDD information not available.
[    2.398579] Freeing unused kernel image memory: 2468K
[    2.433178] Write protecting the kernel read-only data: 20480k
[    2.439626] Freeing unused kernel image memory: 2008K
[    2.447510] Freeing unused kernel image memory: 1820K
[    2.459233] x86/mm: Checked W+X mappings: passed, no W+X pages found.
Loading, please wait...
starting version 237
[    2.578250] e1000: Intel(R) PRO/1000 Network Driver - version 7.3.21-k8-NAPI
[    2.586215] e1000: Copyright (c) 1999-2006 Intel Corporation.
[    2.600967] Fusion MPT base driver 3.04.20
[    2.605516] Copyright (c) 1999-2008 LSI Corporation
[    2.662541] Fusion MPT SPI Host driver 3.04.20
[    3.219747] input: ImExPS/2 Generic Explorer Mouse as /devices/platform/i8042/serio1/input/input4
[    3.322413] e1000 0000:00:03.0 eth0: (PCI:33MHz:32-bit) 02:d7:28:fc:8d:bd
[    3.327977] e1000 0000:00:03.0 eth0: Intel(R) PRO/1000 Network Connection
[    3.339803] mptbase: ioc0: Initiating bringup
[    3.448453] ioc0: LSI53C1030 A0: Capabilities={Initiator}
[    3.722469] scsi host2: ioc0: LSI53C1030 A0, FwRev=00000000h, Ports=1, MaxQ=256, IRQ=20
[    3.907185] scsi 2:0:0:0: Direct-Access     VBOX     HARDDISK         1.0  PQ: 0 ANSI: 5
[    3.948548] scsi target2:0:0: Beginning Domain Validation
[    3.968829] scsi target2:0:0: Domain Validation skipping write tests
[    3.976592] scsi target2:0:0: Ending Domain Validation
[    3.983857] scsi target2:0:0: asynchronous
[    3.991762] scsi 2:0:1:0: Direct-Access     VBOX     HARDDISK         1.0  PQ: 0 ANSI: 5
[    4.224164] scsi target2:0:1: Beginning Domain Validation
[    4.234588] random: fast init done
[    4.250659] scsi target2:0:1: Domain Validation skipping write tests
[    4.259349] scsi target2:0:1: Ending Domain Validation
[    4.266167] scsi target2:0:1: asynchronous
[    4.299283] sd 2:0:0:0: Attached scsi generic sg0 type 0
[    4.306865] sd 2:0:1:0: Attached scsi generic sg1 type 0
[    4.309330] sd 2:0:1:0: [sdb] 20480 512-byte logical blocks: (10.5 MB/10.0 MiB)
[    4.323756] sd 2:0:0:0: [sda] 83886080 512-byte logical blocks: (42.9 GB/40.0 GiB)
[    4.332736] random: systemd-udevd: uninitialized urandom read (16 bytes read)
[    4.343072] sd 2:0:1:0: [sdb] Write Protect is off
[    4.349452] sd 2:0:0:0: [sda] Write Protect is off
[    4.355276] random: systemd-udevd: uninitialized urandom read (16 bytes read)
[    4.364307] sd 2:0:0:0: [sda] Incomplete mode parameter data
[    4.371298] sd 2:0:0:0: [sda] Assuming drive cache: write through
[    4.378703] sd 2:0:1:0: [sdb] Incomplete mode parameter data
[    4.385647] sd 2:0:1:0: [sdb] Assuming drive cache: write through
[    4.389481] random: systemd-udevd: uninitialized urandom read (16 bytes read)
[    4.418052]  sda: sda1
[    4.429752] sd 2:0:0:0: [sda] Attached SCSI disk
[    4.439605] sd 2:0:1:0: [sdb] Attached SCSI disk
[    4.747841] e1000 0000:00:08.0 eth1: (PCI:33MHz:32-bit) 08:00:27:8b:74:e8
[    4.755124] e1000 0000:00:08.0 eth1: Intel(R) PRO/1000 Network Connection
[    4.764850] e1000 0000:00:03.0 enp0s3: renamed from eth0
[    4.837652] e1000 0000:00:08.0 enp0s8: renamed from eth1
Begin: Loading essential drivers ... [    7.208303] raid6: sse2x1   gen()  5526 MB/s
[    7.264298] raid6: sse2x1   xor()  6203 MB/s
[    7.320026] raid6: sse2x2   gen()  9779 MB/s
[    7.372198] raid6: sse2x2   xor()  7261 MB/s
[    7.424162] raid6: sse2x4   gen()  9894 MB/s
[    7.476455] raid6: sse2x4   xor()  6367 MB/s
[    7.481533] raid6: using algorithm sse2x4 gen() 9894 MB/s
[    7.487408] raid6: .... xor() 6367 MB/s, rmw enabled
[    7.491976] raid6: using ssse3x2 recovery algorithm
[    7.502552] xor: measuring software checksum speed
[    7.549203]    prefetch64-sse: 15823.000 MB/sec
[    7.592082]    generic_sse: 13129.000 MB/sec
[    7.596561] xor: using function: prefetch64-sse (15823.000 MB/sec)
[    7.604339] async_tx: api initialized (async)
done.
Begin: Running /scripts/init-premount ... done.
Begin: Mounting root file system ... Begin: Running /scripts/local-top ... done.
Begin: Running /scripts/local-premount ... [    7.695452] Btrfs loaded, crc32c=crc32c-intel
Scanning for Btrfs filesystems
done.
Warning: fsck not present, so skipping root file system
[    7.772293] EXT4-fs (sda1): mounted filesystem with ordered data mode. Opts: (null)
done.
Begin: Running /scripts/local-bottom ... done.
Begin: Running /scripts/init-bottom ... done.
[    8.143395] ip_tables: (C) 2000-2006 Netfilter Core Team
[    8.167089] systemd[1]: systemd 237 running in system mode. (+PAM +AUDIT +SELINUX +IMA +APPARMOR +SMACK +SYSVINIT +UTMP +LIBCRYPTSETUP +GCRYPT +GNUTLS +ACL +XZ +LZ4 +SECCOMP +BLKID +ELFUTILS +KMOD -IDN2 +IDN -PCRE2 default-hierarchy=hybrid)
[    8.188902] systemd[1]: Detected virtualization oracle.
[    8.194023] systemd[1]: Detected architecture x86-64.

Welcome to [1mUbuntu 18.04.6 LTS[0m!

[    8.234695] systemd[1]: Set hostname to <ubuntu-bionic>.
[    8.693504] systemd[1]: Reached target System Time Synchronized.
[[0;32m  OK  [0m] Reached target System Time Synchronized.
[    8.706452] systemd[1]: Reached target User and Group Name Lookups.
[[0;32m  OK  [0m] Reached target User and Group Name Lookups.
[    8.750272] systemd[1]: Created slice User and Session Slice.
[[0;32m  OK  [0m] Created slice User and Session Slice.
[    8.766278] systemd[1]: Started Forward Password Requests to Wall Directory Watch.
[[0;32m  OK  [0m] Started Forward Password Requests to Wall Directory Watch.
[    8.808458] systemd[1]: Created slice System Slice.
[[0;32m  OK  [0m] Created slice System Slice.
[    8.822050] systemd[1]: Listening on Network Service Netlink Socket.
[[0;32m  OK  [0m] Listening on Network Service Netlink Socket.
[[0;32m  OK  [0m] Listening on /dev/initctl Compatibility Named Pipe.
[[0;32m  OK  [0m] Reached target Slices.
[[0;32m  OK  [0m] Listening on Journal Socket (/dev/log).
[[0;32m  OK  [0m] Listening on fsck to fsckd communication Socket.
[[0;32m  OK  [0m] Listening on LVM2 metadata daemon socket.
[[0;32m  OK  [0m] Listening on Syslog Socket.
[[0;32m  OK  [0m] Listening on Journal Audit Socket.
[[0;32m  OK  [0m] Listening on udev Kernel Socket.
[[0;32m  OK  [0m] Reached target Swap.
[[0;32m  OK  [0m] Listening on udev Control Socket.
[[0;32m  OK  [0m] Listening on Journal Socket.
         Starting udev Coldplug all Devices...
         Starting Set the console keyboard layout...
         Starting Uncomplicated firewall...
         Mounting Huge Pages File System...
         Starting Journal Service...
         Starting Load Kernel Modules...
         Starting Create list of required stâ€¦ce nodes for the current kernel...
         Mounting Kernel Debug File System...
         Starting File System Check on Root Device...
[[0;32m  OK  [0m] Listening on LVM2 poll daemon socket.
         Mounting POSIX Message Queue File System...
[[0;32m  OK  [0m] Created slice system-serial\x2dgetty.slice.
[    9.004972] Loading iSCSI transport class v2.0-870.
[[0;32m  OK  [0m] Listening on Device-mapper event daemon FIFOs.
         Starting Monitoring of LVM2 mirrorsâ€¦ng dmeventd or progress polling...
[[0;32m  OK  [0m] Set up automount Arbitrary Executabâ€¦rmats File System Automount Point.
[[0;32m  OK  [0m] Started Journal Service.
[[0;32m  OK  [0m] Started Uncomplicated firewall.
[[0;32m  OK  [0m] [    9.117596] iscsi: registered transport (tcp)
Mounted Huge Pages File System.
[[0;32m  OK  [0m] Started Create list of required staâ€¦vice nodes for the current kernel.
[[0;32m  OK  [0m] Mounted Kernel Debug File System.
[[0;32m  OK  [0m] Mounted POSIX Message Queue File System.
[[0;32m  OK  [0m] Started LVM2 metadata daemon.
[[0;32m  OK  [0m] Started File System Check Daemon to report status.
         Starting Create Static Device Nodes in /dev...
[[0;32m  OK  [0m] Started udev Coldplug all Devices.
[[0;32m  OK  [0m] Started Monitoring of LVM2 mirrors,â€¦sing dmeventd or progress polling.
[[0;32m  OK  [0m] Started File System Check on Root Device.
         Starting Remount Root and Kernel File Systems...
[    9.294858] iscsi: registered transport (iser)
[[0;32m  OK  [0m] Started Set the console keyboard layout.
[[0;32m  OK  [0m] Started Load Kernel Modules.
[    9.314417] EXT4-fs (sda1): re-mounted. Opts: (null)
[[0;32m  OK  [0m] Started Create Static Device Nodes in /dev.
         Mounting Kernel Configuration File System...
         Starting Apply Kernel Variables...
         Mounting FUSE Control File System...
[[0;32m  OK  [0m] Started Remount Root and Kernel File Systems.
[[0;32m  OK  [0m] Mounted Kernel Configuration File System.
         Starting Load/Save Random Seed...
         Starting Flush Journal to Persistent Storage...
         Starting udev Kernel Device Manager...
[[0;32m  OK  [0m] Reached target Local File Systems (Pre).
[[0;32m  OK  [0m] Reached target Local File Systems.
         Starting Set console font and keymap...
         Starting AppArmor initialization...
         Starting ebtables ruleset management...
         Starting Tell Plymouth To Write Out Runtime Data...
[[0;32m  OK  [0m] Mounted FUSE Control File System.
[[0;32m  OK  [0m] Started Load/Save Random Seed.
[[0;32m  OK  [0m] Started Set console font and keymap.
[[0;32m  OK  [0m] Started Apply Kernel Variables.
[[0;32m  OK  [0m] Started Tell Plymouth To Write Out Runtime Data.
[[0;32m  OK  [0m] Started udev Kernel Device Manager.
[[0;32m  OK  [0m] Started Dispatch Password Requests to Console Directory Watch.
[[0;32m  OK  [0m] Reached target Local Encrypted Volumes.
[[0;32m  OK  [0m] Started Flush Journal to Persistent Storage.
         Starting Create Volatile Files and Directories...
[[0;32m  OK  [0m] Started ebtables ruleset management.
[[0;32m  OK  [0m] Started Create Volatile Files and Directories.
         Starting Update UTMP about System Boot/Shutdown...
[[0;32m  OK  [0m] Started Update UTMP about System Boot/Shutdown.
[[0;32m  OK  [0m] Found device /dev/ttyS0.
[[0;32m  OK  [0m] Started AppArmor initialization.
         Starting Load AppArmor profiles managed internally by snapd...
         Starting Initial cloud-init job (pre-networking)...
[[0;32m  OK  [0m] Started Load AppArmor profiles managed internally by snapd.
[[0;32m  OK  [0m] Listening on Load/Save RF Kill Switch Status /dev/rfkill Watch.
[   12.460808] cloud-init[539]: Cloud-init v. 22.2-0ubuntu1~18.04.3 running 'init-local' at Fri, 05 Aug 2022 19:37:59 +0000. Up 12.20 seconds.
[[0;32m  OK  [0m] Started Initial cloud-init job (pre-networking).
[[0;32m  OK  [0m] Reached target Network (Pre).
         Starting Network Service...
[[0;32m  OK  [0m] Started Network Service.
         Starting Network Name Resolution...
         Starting Wait for Network to be Configured...
[[0;32m  OK  [0m] Started Network Name Resolution.
[[0;32m  OK  [0m] Reached target Host and Network Name Lookups.
[[0;32m  OK  [0m] Reached target Network.
[[0;32m  OK  [0m] Started Wait for Network to be Configured.
         Starting Initial cloud-init job (metadata service crawler)...
[   14.473309] cloud-init[684]: Cloud-init v. 22.2-0ubuntu1~18.04.3 running 'init' at Fri, 05 Aug 2022 19:38:01 +0000. Up 14.28 seconds.
[   14.482641] cloud-init[684]: ci-info: ++++++++++++++++++++++++++++++++++++++Net device info+++++++++++++++++++++++++++++++++++++++
[   14.490372] cloud-init[684]: ci-info: +--------+-------+----------------------------+---------------+--------+-------------------+
[   14.496921] cloud-init[684]: ci-info: | Device |   Up  |          Address           |      Mask     | Scope  |     Hw-Address    |
[   14.503214] cloud-init[684]: ci-info: +--------+-------+----------------------------+---------------+--------+-------------------+
[   14.509351] cloud-init[684]: ci-info: | enp0s3 |  True |         10.0.2.15          | 255.255.255.0 | global | 02:d7:28:fc:8d:bd |
[   14.515030] cloud-init[684]: ci-info: | enp0s3 |  True | fe80::d7:28ff:fefc:8dbd/64 |       .       |  link  | 02:d7:28:fc:8d:bd |
[   14.522549] cloud-init[684]: ci-info: | enp0s8 | False |             .              |       .       |   .    | 08:00:27:8b:74:e8 |
[   14.528510] cloud-init[684]: ci-info: |   lo   |  True |         127.0.0.1          |   255.0.0.0   |  host  |         .         |
[   14.534375] cloud-init[684]: ci-info: |   lo   |  True |          ::1/128           |       .       |  host  |         .         |
[   14.542199] cloud-init[684]: ci-info: +--------+-------+----------------------------+---------------+--------+-------------------+
[   14.548384] cloud-init[684]: ci-info: ++++++++++++++++++++++++++++Route IPv4 info+++++++++++++++++++++++++++++
[   14.554467] cloud-init[684]: ci-info: +-------+-------------+----------+-----------------+-----------+-------+
[   14.560354] cloud-init[684]: ci-info: | Route | Destination | Gateway  |     Genmask     | Interface | Flags |
[   14.565684] cloud-init[684]: ci-info: +-------+-------------+----------+-----------------+-----------+-------+
[   14.572643] cloud-init[684]: ci-info: |   0   |   0.0.0.0   | 10.0.2.2 |     0.0.0.0     |   enp0s3  |   UG  |
[   14.578692] cloud-init[684]: ci-info: |   1   |   10.0.2.0  | 0.0.0.0  |  255.255.255.0  |   enp0s3  |   U   |
[   14.583968] cloud-init[684]: ci-info: |   2   |   10.0.2.2  | 0.0.0.0  | 255.255.255.255 |   enp0s3  |   UH  |
[   14.590028] cloud-init[684]: ci-info: +-------+-------------+----------+-----------------+-----------+-------+
[   14.595431] cloud-init[684]: ci-info: +++++++++++++++++++Route IPv6 info+++++++++++++++++++
[   14.600520] cloud-init[684]: ci-info: +-------+-------------+---------+-----------+-------+
[   14.606142] cloud-init[684]: ci-info: | Route | Destination | Gateway | Interface | Flags |
[   14.611673] cloud-init[684]: ci-info: +-------+-------------+---------+-----------+-------+
[   14.635825] cloud-init[684]: ci-info: |   1   |  fe80::/64  |    ::   |   enp0s3  |   U   |
[   14.642544] cloud-init[684]: ci-info: |   3   |    local    |    ::   |   enp0s3  |   U   |
[   14.648803] cloud-init[684]: ci-info: |   4   |   ff00::/8  |    ::   |   enp0s3  |   U   |
[   14.658314] cloud-init[684]: ci-info: +-------+-------------+---------+-----------+-------+
[[0;32m  OK  [0m] Started Initial cloud-init job (metadata service crawler).
[[0;32m  OK  [0m] Reached target System Initialization.
[[0;32m  OK  [0m] Listening on UUID daemon activation socket.
[[0;32m  OK  [0m] Started Daily apt download activities.
[[0;32m  OK  [0m] Started Ubuntu Advantage Timer for running repeated jobs.
[[0;32m  OK  [0m] Listening on cloud-init hotplug hook socket.
[[0;32m  OK  [0m] Listening on ACPID Listen Socket.
         Starting LXD - unix socket.
[[0;32m  OK  [0m] Started Daily apt upgrade and clean activities.
[[0;32m  OK  [0m] Listening on Open-iSCSI iscsid Socket.
[[0;32m  OK  [0m] Started ACPI Events Check.
[[0;32m  OK  [0m] Reached target Paths.
[[0;32m  OK  [0m] Started Message of the Day.
[[0;32m  OK  [0m] Started Discard unused blocks once a week.
[[0;32m  OK  [0m] Listening on D-Bus System Message Bus Socket.
[[0;32m  OK  [0m] Started Daily Cleanup of Temporary Directories.
[[0;32m  OK  [0m] Reached target Timers.
         Starting Socket activation for snappy daemon.
[[0;32m  OK  [0m] Reached target Network is Online.
[[0;32m  OK  [0m] Reached target Remote File Systems (Pre).
         Starting Availability of block devices...
         Mounting /vagrant...
[[0;32m  OK  [0m] Reached target Cloud-config availability.
[[0;32m  OK  [0m] Listening on LXD - unix socket.
[[0;32m  OK  [0m] Listening on Socket activation for snappy daemon.
[[0;32m  OK  [0m] Started Availability of block devices.
[[0;32m  OK  [0m] Mounted /vagrant.
[[0;32m  OK  [0m] Reached target Remote File Systems.
[[0;32m  OK  [0m] Reached target Sockets.
[[0;32m  OK  [0m] Reached target Basic System.
         Starting Permit User Sessions...
[[0;32m  OK  [0m] Started D-Bus System Message Bus.
[[0;32m  OK  [0m] Started FUSE filesystem for LXC.
         Starting Login Service...
         Starting LSB: Record successful boot for GRUB...
[[0;32m  OK  [0m] Started Regular background program processing daemon.
[[0;32m  OK  [0m] Started Deferred execution scheduler.
         Starting LXD - container startup/shutdown...
         Starting Accounts Service...
         Starting Dispatcher daemon for systemd-networkd...
         Starting OpenBSD Secure Shell server...
         Starting Snap Daemon...
         Starting LSB: automatic crash report generation...
[[0;32m  OK  [0m] Started irqbalance daemon.
         Starting System Logging Service...
         Starting Virtualbox guest utils...
         Starting A high performance web server and a reverse proxy server...
[[0;32m  OK  [0m] Started Permit User Sessions.
[[0;32m  OK  [0m] Started Login Service.
[[0;32m  OK  [0m] Started OpenBSD Secure Shell server.
[[0;32m  OK  [0m] Started System Logging Service.
         Starting Authorization Manager...
[[0;32m  OK  [0m] Started Unattended Upgrades Shutdown.
         Starting Terminate Plymouth Boot Screen...
         Starting Hold until boot process finishes up...
[[0;32m  OK  [0m] Started Terminate Plymouth Boot Screen.
[[0;32m  OK  [0m] Started Hold until boot process finishes up.
[[0;32m  OK  [0m] Started Serial Getty on ttyS0.
         Starting Set console scheme...
[[0;32m  OK  [0m] Started LSB: automatic crash report generation.
[[0;32m  OK  [0m] Started Authorization Manager.
[[0;32m  OK  [0m] Started Accounts Service.
[[0;32m  OK  [0m] Started Set console scheme.
[[0;32m  OK  [0m] Created slice system-getty.slice.
[[0;32m  OK  [0m] Started Getty on tty1.
[[0;32m  OK  [0m] Reached target Login Prompts.
[[0;32m  OK  [0m] Started LSB: Record successful boot for GRUB.
[[0;32m  OK  [0m] Started A high performance web server and a reverse proxy server.
[[0;32m  OK  [0m] Started Virtualbox guest utils.
[[0;32m  OK  [0m] Started LXD - container startup/shutdown.
[[0;32m  OK  [0m] Started Dispatcher daemon for systemd-networkd.
[[0;32m  OK  [0m] Started Snap Daemon.
         Starting Wait until snapd is fully seeded...
         Starting Time & Date Service...
[[0;32m  OK  [0m] Started Time & Date Service.
[[0;32m  OK  [0m] Started Wait until snapd is fully seeded.
         Starting Apply the settings specified in cloud-config...
[   17.839876] cloud-init[1129]: Cloud-init v. 22.2-0ubuntu1~18.04.3 running 'modules:config' at Fri, 05 Aug 2022 19:38:04 +0000. Up 17.70 seconds.
[[0;32m  OK  [0m] Created slice User Slice of vagrant.
         Starting User Manager for UID 1000...
[[0;32m  OK  [0m] Started Session 1 of user vagrant.
[[0;32m  OK  [0m] Started Apply the settings specified in cloud-config.
[[0;32m  OK  [0m] Reached target Multi-User System.
         Starting Execute cloud user/final scripts...
[[0;32m  OK  [0m] Reached target Graphical Interface.
         Starting Update UTMP about System Runlevel Changes...
[[0;32m  OK  [0m] Started Update UTMP about System Runlevel Changes.
[[0;32m  OK  [0m] Started User Manager for UID 1000.
[   18.623425] cloud-init[1195]: Cloud-init v. 22.2-0ubuntu1~18.04.3 running 'modules:final' at Fri, 05 Aug 2022 19:38:05 +0000. Up 18.42 seconds.
[   18.631112] cloud-init[1195]: Cloud-init v. 22.2-0ubuntu1~18.04.3 finished at Fri, 05 Aug 2022 19:38:05 +0000. Datasource DataSourceNoCloud [seed=/dev/sdb][dsmode=net].  Up 18.61 seconds
[[0;32m  OK  [0m] Started Execute cloud user/final scripts.
[[0;32m  OK  [0m] Reached target Cloud-init target.

Ubuntu 18.04.6 LTS ubuntu-bionic ttyS0

ubuntu-bionic login: 